diff --git a/pom.xml b/pom.xml
index 91b8c15..169394a 100644
--- a/pom.xml
+++ b/pom.xml
@@ -6,8 +6,7 @@
 
     <parent>
         <groupId>org.springframework.boot</groupId>
-        <artifactId>spring-boot-starter-parent</artifactId>
-        <version>4.0.6</version>
+<version>3.2.0</version>
         <relativePath/>
     </parent>
 
@@ -54,18 +53,23 @@
                 <artifactId>task-service</artifactId>
                 <version>${project.version}</version>
             </dependency>
+            <dependency>
+                <groupId>org.springframework.boot</groupId>
+                <artifactId>spring-boot-starter-webmvc</artifactId>
+                <version>3.2.0</version>
+            </dependency>
         </dependencies>
     </dependencyManagement>
     <dependencies>
         <dependency>
             <groupId>org.apache.commons</groupId>
             <artifactId>commons-text</artifactId>
-            <version>1.9</version>
+            <version>1.10.0</version>
         </dependency>
         <dependency>
             <groupId>org.json</groupId>
             <artifactId>json</artifactId>
-            <version>20230227</version>
+            <version>20231013</version>
         </dependency>
     </dependencies>
     <build>
