diff --git a/pom.xml b/pom.xml
index 91b8c15..53fa8b3 100644
--- a/pom.xml
+++ b/pom.xml
@@ -35,6 +35,10 @@
         <maven.enforcer.version>3.6.2</maven.enforcer.version>
         <owasp.dependency-check.version>12.2.2</owasp.dependency-check.version>
         <cyclonedx.maven.plugin.version>2.9.1</cyclonedx.maven.plugin.version>
+        <spring-framework.version>7.0.8</spring-framework.version>
+        <micrometer.version>1.16.6</micrometer.version>
+        <tomcat.version>11.0.25</tomcat.version>
+        <jackson.version>3.1.4</jackson.version>
     </properties>
 
     <dependencyManagement>
@@ -54,18 +58,28 @@
                 <artifactId>task-service</artifactId>
                 <version>${project.version}</version>
             </dependency>
+            <dependency>
+                <groupId>tools.jackson.core</groupId>
+                <artifactId>jackson-core</artifactId>
+                <version>3.1.4</version>
+            </dependency>
+            <dependency>
+                <groupId>tools.jackson.core</groupId>
+                <artifactId>jackson-databind</artifactId>
+                <version>3.1.4</version>
+            </dependency>
         </dependencies>
     </dependencyManagement>
     <dependencies>
         <dependency>
             <groupId>org.apache.commons</groupId>
             <artifactId>commons-text</artifactId>
-            <version>1.9</version>
+            <version>1.10.0</version>
         </dependency>
         <dependency>
             <groupId>org.json</groupId>
             <artifactId>json</artifactId>
-            <version>20230227</version>
+            <version>20231013</version>
         </dependency>
     </dependencies>
     <build>
diff --git a/task-service/pom.xml b/task-service/pom.xml
index ff2af88..9d27d6e 100644
--- a/task-service/pom.xml
+++ b/task-service/pom.xml
@@ -28,6 +28,12 @@
             <groupId>org.springframework.boot</groupId>
             <artifactId>spring-boot-starter-test</artifactId>
             <scope>test</scope>
+            <exclusions>
+                <exclusion>
+                    <groupId>com.vaadin.external.google</groupId>
+                    <artifactId>android-json</artifactId>
+                </exclusion>
+            </exclusions>
         </dependency>
     </dependencies>
 </project>
diff --git a/task-web/pom.xml b/task-web/pom.xml
index d4cd9a7..fb48fe9 100644
--- a/task-web/pom.xml
+++ b/task-web/pom.xml
@@ -39,6 +39,12 @@
       <groupId>org.springframework.boot</groupId>
       <artifactId>spring-boot-starter-test</artifactId>
       <scope>test</scope>
+      <exclusions>
+        <exclusion>
+          <groupId>com.vaadin.external.google</groupId>
+          <artifactId>android-json</artifactId>
+        </exclusion>
+      </exclusions>
     </dependency>
   </dependencies>
   <build>
