[INFO] Scanning for projects...
[INFO] ------------------------------------------------------------------------
[INFO] Reactor Build Order:
[INFO] 
[INFO] secure-multimodule-springboot-java21                               [pom]
[INFO] task-common                                                        [jar]
[INFO] task-domain                                                        [jar]
[INFO] task-service                                                       [jar]
[INFO] task-web                                                           [jar]
[INFO] 
[INFO] -----< com.example.secureapp:secure-multimodule-springboot-java21 >-----
[INFO] Building secure-multimodule-springboot-java21 1.0.0-SNAPSHOT       [1/5]
[INFO]   from pom.xml
[INFO] --------------------------------[ pom ]---------------------------------
[INFO] 
[INFO] --- clean:3.5.0:clean (default-clean) @ secure-multimodule-springboot-java21 ---
[INFO] 
[INFO] --- enforcer:3.6.2:enforce (base-oss-dependency-guardrails) @ secure-multimodule-springboot-java21 ---
[INFO] Rule 0: org.apache.maven.enforcer.rules.version.RequireJavaVersion passed
[INFO] Rule 1: org.apache.maven.enforcer.rules.version.RequireMavenVersion passed
[INFO] Rule 2: org.apache.maven.enforcer.rules.dependency.DependencyConvergence passed
[INFO] Rule 3: org.apache.maven.enforcer.rules.BanDuplicatePomDependencyVersions passed
[INFO] Rule 4: org.apache.maven.enforcer.rules.dependency.BannedDependencies passed
[INFO] 
[INFO] --- install:3.1.4:install (default-install) @ secure-multimodule-springboot-java21 ---
[INFO] Installing /home/kavya_parivarababu/oss-remediation-adk/oss-remediation-workspaces/oss-remediation-20260704-025336/attempt-1/repository/pom.xml to /home/kavya_parivarababu/.m2/repository/com/example/secureapp/secure-multimodule-springboot-java21/1.0.0-SNAPSHOT/secure-multimodule-springboot-java21-1.0.0-SNAPSHOT.pom
[INFO] 
[INFO] -----------------< com.example.secureapp:task-common >------------------
[INFO] Building task-common 1.0.0-SNAPSHOT                                [2/5]
[INFO]   from task-common/pom.xml
[INFO] --------------------------------[ jar ]---------------------------------
[INFO] 
[INFO] --- clean:3.5.0:clean (default-clean) @ task-common ---
[INFO] Deleting /home/kavya_parivarababu/oss-remediation-adk/oss-remediation-workspaces/oss-remediation-20260704-025336/attempt-1/repository/task-common/target
[INFO] 
[INFO] --- enforcer:3.6.2:enforce (base-oss-dependency-guardrails) @ task-common ---
[INFO] Rule 2: org.apache.maven.enforcer.rules.dependency.DependencyConvergence passed
[INFO] Rule 3: org.apache.maven.enforcer.rules.BanDuplicatePomDependencyVersions passed
[INFO] Rule 4: org.apache.maven.enforcer.rules.dependency.BannedDependencies passed
[INFO] 
[INFO] --- resources:3.3.1:resources (default-resources) @ task-common ---
[INFO] skip non existing resourceDirectory /home/kavya_parivarababu/oss-remediation-adk/oss-remediation-workspaces/oss-remediation-20260704-025336/attempt-1/repository/task-common/src/main/resources
[INFO] skip non existing resourceDirectory /home/kavya_parivarababu/oss-remediation-adk/oss-remediation-workspaces/oss-remediation-20260704-025336/attempt-1/repository/task-common/src/main/resources
[INFO] 
[INFO] --- compiler:3.14.1:compile (default-compile) @ task-common ---
[INFO] Recompiling the module because of changed source code.
[INFO] Compiling 2 source files with javac [debug parameters release 21] to target/classes
[INFO] 
[INFO] --- resources:3.3.1:testResources (default-testResources) @ task-common ---
[INFO] skip non existing resourceDirectory /home/kavya_parivarababu/oss-remediation-adk/oss-remediation-workspaces/oss-remediation-20260704-025336/attempt-1/repository/task-common/src/test/resources
[INFO] 
[INFO] --- compiler:3.14.1:testCompile (default-testCompile) @ task-common ---
[INFO] No sources to compile
[INFO] 
[INFO] --- surefire:3.5.5:test (default-test) @ task-common ---
[INFO] No tests to run.
[INFO] 
[INFO] --- jar:3.4.2:jar (default-jar) @ task-common ---
[INFO] Building jar: /home/kavya_parivarababu/oss-remediation-adk/oss-remediation-workspaces/oss-remediation-20260704-025336/attempt-1/repository/task-common/target/task-common-1.0.0-SNAPSHOT.jar
[INFO] 
[INFO] --- install:3.1.4:install (default-install) @ task-common ---
[INFO] Installing /home/kavya_parivarababu/oss-remediation-adk/oss-remediation-workspaces/oss-remediation-20260704-025336/attempt-1/repository/task-common/pom.xml to /home/kavya_parivarababu/.m2/repository/com/example/secureapp/task-common/1.0.0-SNAPSHOT/task-common-1.0.0-SNAPSHOT.pom
[INFO] Installing /home/kavya_parivarababu/oss-remediation-adk/oss-remediation-workspaces/oss-remediation-20260704-025336/attempt-1/repository/task-common/target/task-common-1.0.0-SNAPSHOT.jar to /home/kavya_parivarababu/.m2/repository/com/example/secureapp/task-common/1.0.0-SNAPSHOT/task-common-1.0.0-SNAPSHOT.jar
[INFO] 
[INFO] -----------------< com.example.secureapp:task-domain >------------------
[INFO] Building task-domain 1.0.0-SNAPSHOT                                [3/5]
[INFO]   from task-domain/pom.xml
[INFO] --------------------------------[ jar ]---------------------------------
[INFO] 
[INFO] --- clean:3.5.0:clean (default-clean) @ task-domain ---
[INFO] Deleting /home/kavya_parivarababu/oss-remediation-adk/oss-remediation-workspaces/oss-remediation-20260704-025336/attempt-1/repository/task-domain/target
[INFO] 
[INFO] --- enforcer:3.6.2:enforce (base-oss-dependency-guardrails) @ task-domain ---
[INFO] Rule 2: org.apache.maven.enforcer.rules.dependency.DependencyConvergence passed
[INFO] Rule 3: org.apache.maven.enforcer.rules.BanDuplicatePomDependencyVersions passed
[INFO] Rule 4: org.apache.maven.enforcer.rules.dependency.BannedDependencies passed
[INFO] 
[INFO] --- resources:3.3.1:resources (default-resources) @ task-domain ---
[INFO] skip non existing resourceDirectory /home/kavya_parivarababu/oss-remediation-adk/oss-remediation-workspaces/oss-remediation-20260704-025336/attempt-1/repository/task-domain/src/main/resources
[INFO] skip non existing resourceDirectory /home/kavya_parivarababu/oss-remediation-adk/oss-remediation-workspaces/oss-remediation-20260704-025336/attempt-1/repository/task-domain/src/main/resources
[INFO] 
[INFO] --- compiler:3.14.1:compile (default-compile) @ task-domain ---
[INFO] Recompiling the module because of changed source code.
[INFO] Compiling 2 source files with javac [debug parameters release 21] to target/classes
[INFO] 
[INFO] --- resources:3.3.1:testResources (default-testResources) @ task-domain ---
[INFO] skip non existing resourceDirectory /home/kavya_parivarababu/oss-remediation-adk/oss-remediation-workspaces/oss-remediation-20260704-025336/attempt-1/repository/task-domain/src/test/resources
[INFO] 
[INFO] --- compiler:3.14.1:testCompile (default-testCompile) @ task-domain ---
[INFO] No sources to compile
[INFO] 
[INFO] --- surefire:3.5.5:test (default-test) @ task-domain ---
[INFO] No tests to run.
[INFO] 
[INFO] --- jar:3.4.2:jar (default-jar) @ task-domain ---
[INFO] Building jar: /home/kavya_parivarababu/oss-remediation-adk/oss-remediation-workspaces/oss-remediation-20260704-025336/attempt-1/repository/task-domain/target/task-domain-1.0.0-SNAPSHOT.jar
[INFO] 
[INFO] --- install:3.1.4:install (default-install) @ task-domain ---
[INFO] Installing /home/kavya_parivarababu/oss-remediation-adk/oss-remediation-workspaces/oss-remediation-20260704-025336/attempt-1/repository/task-domain/pom.xml to /home/kavya_parivarababu/.m2/repository/com/example/secureapp/task-domain/1.0.0-SNAPSHOT/task-domain-1.0.0-SNAPSHOT.pom
[INFO] Installing /home/kavya_parivarababu/oss-remediation-adk/oss-remediation-workspaces/oss-remediation-20260704-025336/attempt-1/repository/task-domain/target/task-domain-1.0.0-SNAPSHOT.jar to /home/kavya_parivarababu/.m2/repository/com/example/secureapp/task-domain/1.0.0-SNAPSHOT/task-domain-1.0.0-SNAPSHOT.jar
[INFO] 
[INFO] -----------------< com.example.secureapp:task-service >-----------------
[INFO] Building task-service 1.0.0-SNAPSHOT                               [4/5]
[INFO]   from task-service/pom.xml
[INFO] --------------------------------[ jar ]---------------------------------
[INFO] 
[INFO] --- clean:3.5.0:clean (default-clean) @ task-service ---
[INFO] Deleting /home/kavya_parivarababu/oss-remediation-adk/oss-remediation-workspaces/oss-remediation-20260704-025336/attempt-1/repository/task-service/target
[INFO] 
[INFO] --- enforcer:3.6.2:enforce (base-oss-dependency-guardrails) @ task-service ---
[INFO] Rule 2: org.apache.maven.enforcer.rules.dependency.DependencyConvergence passed
[INFO] Rule 3: org.apache.maven.enforcer.rules.BanDuplicatePomDependencyVersions passed
[INFO] Rule 4: org.apache.maven.enforcer.rules.dependency.BannedDependencies passed
[INFO] 
[INFO] --- resources:3.3.1:resources (default-resources) @ task-service ---
[INFO] skip non existing resourceDirectory /home/kavya_parivarababu/oss-remediation-adk/oss-remediation-workspaces/oss-remediation-20260704-025336/attempt-1/repository/task-service/src/main/resources
[INFO] skip non existing resourceDirectory /home/kavya_parivarababu/oss-remediation-adk/oss-remediation-workspaces/oss-remediation-20260704-025336/attempt-1/repository/task-service/src/main/resources
[INFO] 
[INFO] --- compiler:3.14.1:compile (default-compile) @ task-service ---
[INFO] Recompiling the module because of changed dependency.
[INFO] Compiling 3 source files with javac [debug parameters release 21] to target/classes
[INFO] 
[INFO] --- resources:3.3.1:testResources (default-testResources) @ task-service ---
[INFO] skip non existing resourceDirectory /home/kavya_parivarababu/oss-remediation-adk/oss-remediation-workspaces/oss-remediation-20260704-025336/attempt-1/repository/task-service/src/test/resources
[INFO] 
[INFO] --- compiler:3.14.1:testCompile (default-testCompile) @ task-service ---
[INFO] Recompiling the module because of changed dependency.
[INFO] Compiling 1 source file with javac [debug parameters release 21] to target/test-classes
[INFO] 
[INFO] --- surefire:3.5.5:test (default-test) @ task-service ---
[INFO] Using auto detected provider org.apache.maven.surefire.junitplatform.JUnitPlatformProvider
[INFO] 
[INFO] -------------------------------------------------------
[INFO]  T E S T S
[INFO] -------------------------------------------------------
[INFO] Running com.example.secureapp.service.InMemoryTaskServiceTest
[INFO] Tests run: 3, Failures: 0, Errors: 0, Skipped: 0, Time elapsed: 0.413 s -- in com.example.secureapp.service.InMemoryTaskServiceTest
[INFO] 
[INFO] Results:
[INFO] 
[INFO] Tests run: 3, Failures: 0, Errors: 0, Skipped: 0
[INFO] 
[INFO] 
[INFO] --- jar:3.4.2:jar (default-jar) @ task-service ---
[INFO] Building jar: /home/kavya_parivarababu/oss-remediation-adk/oss-remediation-workspaces/oss-remediation-20260704-025336/attempt-1/repository/task-service/target/task-service-1.0.0-SNAPSHOT.jar
[INFO] 
[INFO] --- install:3.1.4:install (default-install) @ task-service ---
[INFO] Installing /home/kavya_parivarababu/oss-remediation-adk/oss-remediation-workspaces/oss-remediation-20260704-025336/attempt-1/repository/task-service/pom.xml to /home/kavya_parivarababu/.m2/repository/com/example/secureapp/task-service/1.0.0-SNAPSHOT/task-service-1.0.0-SNAPSHOT.pom
[INFO] Installing /home/kavya_parivarababu/oss-remediation-adk/oss-remediation-workspaces/oss-remediation-20260704-025336/attempt-1/repository/task-service/target/task-service-1.0.0-SNAPSHOT.jar to /home/kavya_parivarababu/.m2/repository/com/example/secureapp/task-service/1.0.0-SNAPSHOT/task-service-1.0.0-SNAPSHOT.jar
[INFO] 
[INFO] -------------------< com.example.secureapp:task-web >-------------------
[INFO] Building task-web 1.0.0-SNAPSHOT                                   [5/5]
[INFO]   from task-web/pom.xml
[INFO] --------------------------------[ jar ]---------------------------------
[INFO] 
[INFO] --- clean:3.5.0:clean (default-clean) @ task-web ---
[INFO] Deleting /home/kavya_parivarababu/oss-remediation-adk/oss-remediation-workspaces/oss-remediation-20260704-025336/attempt-1/repository/task-web/target
[INFO] 
[INFO] --- enforcer:3.6.2:enforce (base-oss-dependency-guardrails) @ task-web ---
[INFO] Rule 3: org.apache.maven.enforcer.rules.BanDuplicatePomDependencyVersions passed
[INFO] Rule 4: org.apache.maven.enforcer.rules.dependency.BannedDependencies passed
[INFO] ------------------------------------------------------------------------
[INFO] Reactor Summary for secure-multimodule-springboot-java21 1.0.0-SNAPSHOT:
[INFO] 
[INFO] secure-multimodule-springboot-java21 ............... SUCCESS [  1.079 s]
[INFO] task-common ........................................ SUCCESS [  3.373 s]
[INFO] task-domain ........................................ SUCCESS [  0.573 s]
[INFO] task-service ....................................... SUCCESS [  4.207 s]
[INFO] task-web ........................................... FAILURE [  0.430 s]
[INFO] ------------------------------------------------------------------------
[INFO] BUILD FAILURE
[INFO] ------------------------------------------------------------------------
[INFO] Total time:  10.721 s
[INFO] Finished at: 2026-07-04T02:54:55Z
[INFO] ------------------------------------------------------------------------
[ERROR] Failed to execute goal org.apache.maven.plugins:maven-enforcer-plugin:3.6.2:enforce (base-oss-dependency-guardrails) on project task-web: 
[ERROR] Rule 2: org.apache.maven.enforcer.rules.dependency.DependencyConvergence failed with message:
[ERROR] Failed while enforcing releasability.
[ERROR] 
[ERROR] Dependency convergence error for org.apache.commons:commons-text:jar:1.9. Paths to dependency are:
[ERROR] +-com.example.secureapp:task-web:jar:1.0.0-SNAPSHOT
[ERROR]   +-com.example.secureapp:task-common:jar:1.0.0-SNAPSHOT:compile
[ERROR]     +-org.apache.commons:commons-text:jar:1.9:compile
[ERROR] and
[ERROR] +-com.example.secureapp:task-web:jar:1.0.0-SNAPSHOT
[ERROR]   +-com.example.secureapp:task-domain:jar:1.0.0-SNAPSHOT:compile
[ERROR]     +-org.apache.commons:commons-text:jar:1.10.0:compile
[ERROR] and
[ERROR] +-com.example.secureapp:task-web:jar:1.0.0-SNAPSHOT
[ERROR]   +-com.example.secureapp:task-service:jar:1.0.0-SNAPSHOT:compile
[ERROR]     +-org.apache.commons:commons-text:jar:1.10.0:compile
[ERROR] and
[ERROR] +-com.example.secureapp:task-web:jar:1.0.0-SNAPSHOT
[ERROR]   +-org.apache.commons:commons-text:jar:1.10.0:compile
[ERROR] 
[ERROR] -> [Help 1]
[ERROR] 
[ERROR] To see the full stack trace of the errors, re-run Maven with the -e switch.
[ERROR] Re-run Maven using the -X switch to enable full debug logging.
[ERROR] 
[ERROR] For more information about the errors and possible solutions, please read the following articles:
[ERROR] [Help 1] http://cwiki.apache.org/confluence/display/MAVEN/MojoExecutionException
[ERROR] 
[ERROR] After correcting the problems, you can resume the build with the command
[ERROR]   mvn <args> -rf :task-web

