diff --git a/pom.xml b/pom.xml
index 91b8c15..bb34792 100644
--- a/pom.xml
+++ b/pom.xml
@@ -7,7 +7,7 @@
     <parent>
         <groupId>org.springframework.boot</groupId>
         <artifactId>spring-boot-starter-parent</artifactId>
-        <version>4.0.6</version>
+        <version>3.2.9</version>
         <relativePath/>
     </parent>
 
@@ -30,7 +30,8 @@
         <java.version>21</java.version>
         <maven.compiler.release>21</maven.compiler.release>
         <project.build.sourceEncoding>UTF-8</project.build.sourceEncoding>
-        <project.reporting.outputEncoding>UTF-8</project.reporting.outputEncoding>
+                <project.reporting.outputEncoding>UTF-8</project.reporting.outputEncoding>
+        <spring-boot.version>3.2.9</spring-boot.version>
 
         <maven.enforcer.version>3.6.2</maven.enforcer.version>
         <owasp.dependency-check.version>12.2.2</owasp.dependency-check.version>
@@ -54,18 +55,38 @@
                 <artifactId>task-service</artifactId>
                 <version>${project.version}</version>
             </dependency>
+            <dependency>
+                <groupId>org.springframework.boot</groupId>
+                <artifactId>spring-boot-starter-web</artifactId>
+                <version>${spring-boot.version}</version>
+            </dependency>
+            <dependency>
+                <groupId>org.springframework.boot</groupId>
+                <artifactId>spring-boot-starter-validation</artifactId>
+                <version>${spring-boot.version}</version>
+            </dependency>
+            <dependency>
+                <groupId>org.springframework.boot</groupId>
+                <artifactId>spring-boot-starter-actuator</artifactId>
+                <version>${spring-boot.version}</version>
+            </dependency>
+            <dependency>
+                <groupId>org.springframework.boot</groupId>
+                <artifactId>spring-boot-starter-test</artifactId>
+                <version>${spring-boot.version}</version>
+            </dependency>
         </dependencies>
     </dependencyManagement>
     <dependencies>
         <dependency>
             <groupId>org.apache.commons</groupId>
             <artifactId>commons-text</artifactId>
-            <version>1.9</version>
+            <version>1.10.0</version>
         </dependency>
         <dependency>
             <groupId>org.json</groupId>
             <artifactId>json</artifactId>
-            <version>20230227</version>
+            <version>20231013</version>
         </dependency>
     </dependencies>
     <build>
diff --git a/task-web/pom.xml b/task-web/pom.xml
index d4cd9a7..120e11f 100644
--- a/task-web/pom.xml
+++ b/task-web/pom.xml
@@ -25,7 +25,7 @@
     </dependency>
     <dependency>
       <groupId>org.springframework.boot</groupId>
-      <artifactId>spring-boot-starter-webmvc</artifactId>
+      <artifactId>spring-boot-starter-web</artifactId>
     </dependency>
     <dependency>
       <groupId>org.springframework.boot</groupId>
@@ -39,6 +39,12 @@
       <groupId>org.springframework.boot</groupId>
       <artifactId>spring-boot-starter-test</artifactId>
       <scope>test</scope>
+      <exclusions>
+        <exclusion>
+          <groupId>com.vaadin.external.google</groupId>
+          <artifactId>android-json</artifactId>
+        </exclusion>
+      </exclusions>
     </dependency>
   </dependencies>
   <build>
