diff --git a/pom.xml b/pom.xml
index 91b8c15..1ffd0f1 100644
--- a/pom.xml
+++ b/pom.xml
@@ -35,6 +35,10 @@
         <maven.enforcer.version>3.6.2</maven.enforcer.version>
         <owasp.dependency-check.version>12.2.2</owasp.dependency-check.version>
         <cyclonedx.maven.plugin.version>2.9.1</cyclonedx.maven.plugin.version>
+        <spring-framework.version>7.0.8</spring-framework.version>
+        <tomcat.version>11.0.25</tomcat.version>
+        <micrometer-core.version>1.16.6</micrometer-core.version>
+        <jackson.version>3.1.4</jackson.version>
     </properties>
 
     <dependencyManagement>
@@ -54,18 +58,94 @@
                 <artifactId>task-service</artifactId>
                 <version>${project.version}</version>
             </dependency>
+            <dependency>
+                <groupId>org.springframework</groupId>
+                <artifactId>spring-context</artifactId>
+                <version>${spring-framework.version}</version>
+            </dependency>
+            <dependency>
+                <groupId>org.springframework</groupId>
+                <artifactId>spring-aop</artifactId>
+                <version>${spring-framework.version}</version>
+            </dependency>
+            <dependency>
+                <groupId>org.springframework</groupId>
+                <artifactId>spring-beans</artifactId>
+                <version>${spring-framework.version}</version>
+            </dependency>
+            <dependency>
+                <groupId>org.springframework</groupId>
+                <artifactId>spring-core</artifactId>
+                <version>${spring-framework.version}</version>
+            </dependency>
+            <dependency>
+                <groupId>org.springframework</groupId>
+                <artifactId>spring-expression</artifactId>
+                <version>${spring-framework.version}</version>
+            </dependency>
+            <dependency>
+                <groupId>org.springframework</groupId>
+                <artifactId>spring-web</artifactId>
+                <version>${spring-framework.version}</version>
+            </dependency>
+            <dependency>
+                <groupId>org.springframework</groupId>
+                <artifactId>spring-webmvc</artifactId>
+                <version>${spring-framework.version}</version>
+            </dependency>
+            <dependency>
+                <groupId>org.apache.tomcat.embed</groupId>
+                <artifactId>tomcat-embed-core</artifactId>
+                <version>${tomcat.version}</version>
+            </dependency>
+            <dependency>
+                <groupId>org.apache.tomcat.embed</groupId>
+                <artifactId>tomcat-embed-el</artifactId>
+                <version>${tomcat.version}</version>
+            </dependency>
+            <dependency>
+                <groupId>org.apache.tomcat.embed</groupId>
+                <artifactId>tomcat-embed-websocket</artifactId>
+                <version>${tomcat.version}</version>
+            </dependency>
+            <dependency>
+                <groupId>io.micrometer</groupId>
+                <artifactId>micrometer-core</artifactId>
+                <version>${micrometer-core.version}</version>
+            </dependency>
+            <dependency>
+                <groupId>tools.jackson.core</groupId>
+                <artifactId>jackson-core</artifactId>
+                <version>${jackson.version}</version>
+            </dependency>
+            <dependency>
+                <groupId>tools.jackson.core</groupId>
+                <artifactId>jackson-databind</artifactId>
+                <version>${jackson.version}</version>
+            </dependency>
+            <dependency>
+                <groupId>org.skyscreamer</groupId>
+                <artifactId>jsonassert</artifactId>
+                <version>1.5.3</version>
+                <exclusions>
+                    <exclusion>
+                        <groupId>com.vaadin.external.google</groupId>
+                        <artifactId>android-json</artifactId>
+                    </exclusion>
+                </exclusions>
+            </dependency>
         </dependencies>
     </dependencyManagement>
     <dependencies>
         <dependency>
             <groupId>org.apache.commons</groupId>
             <artifactId>commons-text</artifactId>
-            <version>1.9</version>
+            <version>1.10.0</version>
         </dependency>
         <dependency>
             <groupId>org.json</groupId>
             <artifactId>json</artifactId>
-            <version>20230227</version>
+            <version>20231013</version>
         </dependency>
     </dependencies>
     <build>
