diff --git a/pom.xml b/pom.xml
index 91b8c15..a73c2fa 100644
--- a/pom.xml
+++ b/pom.xml
@@ -54,13 +54,43 @@
                 <artifactId>task-service</artifactId>
                 <version>${project.version}</version>
             </dependency>
+            <dependency>
+                <groupId>org.springframework</groupId>
+                <artifactId>spring-expression</artifactId>
+                <version>7.0.8</version>
+            </dependency>
+            <dependency>
+                <groupId>org.springframework</groupId>
+                <artifactId>spring-webmvc</artifactId>
+                <version>7.0.8</version>
+            </dependency>
+            <dependency>
+                <groupId>io.micrometer</groupId>
+                <artifactId>micrometer-core</artifactId>
+                <version>1.16.6</version>
+            </dependency>
+            <dependency>
+                <groupId>org.apache.tomcat.embed</groupId>
+                <artifactId>tomcat-embed-core</artifactId>
+                <version>11.0.25</version>
+            </dependency>
+            <dependency>
+                <groupId>tools.jackson.core</groupId>
+                <artifactId>jackson-core</artifactId>
+                <version>3.1.4</version>
+            </dependency>
+            <dependency>
+                <groupId>tools.jackson.core</groupId>
+                <artifactId>jackson-databind</artifactId>
+                <version>3.1.6</version>
+            </dependency>
         </dependencies>
     </dependencyManagement>
     <dependencies>
         <dependency>
             <groupId>org.apache.commons</groupId>
             <artifactId>commons-text</artifactId>
-            <version>1.9</version>
+            <version>1.10.0</version>
         </dependency>
         <dependency>
             <groupId>org.json</groupId>
