diff --git a/pom.xml b/pom.xml
index 91b8c15..3ccd11c 100644
--- a/pom.xml
+++ b/pom.xml
@@ -32,6 +32,10 @@
         <project.build.sourceEncoding>UTF-8</project.build.sourceEncoding>
         <project.reporting.outputEncoding>UTF-8</project.reporting.outputEncoding>
 
+        <micrometer.version>1.16.6</micrometer.version>
+        <tomcat.version>11.0.25</tomcat.version>
+        <jackson.version>3.1.6</jackson.version>
+
         <maven.enforcer.version>3.6.2</maven.enforcer.version>
         <owasp.dependency-check.version>12.2.2</owasp.dependency-check.version>
         <cyclonedx.maven.plugin.version>2.9.1</cyclonedx.maven.plugin.version>
@@ -54,18 +58,38 @@
                 <artifactId>task-service</artifactId>
                 <version>${project.version}</version>
             </dependency>
+            <dependency>
+                <groupId>io.micrometer</groupId>
+                <artifactId>micrometer-core</artifactId>
+                <version>${micrometer.version}</version>
+            </dependency>
+            <dependency>
+                <groupId>org.apache.tomcat.embed</groupId>
+                <artifactId>tomcat-embed-core</artifactId>
+                <version>${tomcat.version}</version>
+            </dependency>
+            <dependency>
+                <groupId>tools.jackson.core</groupId>
+                <artifactId>jackson-core</artifactId>
+                <version>${jackson.version}</version>
+            </dependency>
+            <dependency>
+                <groupId>tools.jackson.core</groupId>
+                <artifactId>jackson-databind</artifactId>
+                <version>${jackson.version}</version>
+            </dependency>
         </dependencies>
     </dependencyManagement>
     <dependencies>
         <dependency>
             <groupId>org.apache.commons</groupId>
             <artifactId>commons-text</artifactId>
-            <version>1.9</version>
+            <version>1.10.0</version>
         </dependency>
         <dependency>
             <groupId>org.json</groupId>
             <artifactId>json</artifactId>
-            <version>20230227</version>
+            <version>20231013</version>
         </dependency>
     </dependencies>
     <build>
