[INFO] Scanning for projects...
[INFO] ------------------------------------------------------------------------
[INFO] Reactor Build Order:
[INFO] 
[INFO] secure-multimodule-springboot-java21                               [pom]
[INFO] task-common                                                        [jar]
[INFO] task-domain                                                        [jar]
[INFO] task-service                                                       [jar]
[INFO] task-web                                                           [jar]
[INFO] 
[INFO] -----< com.example.secureapp:secure-multimodule-springboot-java21 >-----
[INFO] Building secure-multimodule-springboot-java21 1.0.0-SNAPSHOT       [1/5]
[INFO]   from pom.xml
[INFO] --------------------------------[ pom ]---------------------------------
Downloading from central: https://repo.maven.apache.org/maven2/org/apache/logging/log4j/log4j-core/2.12.3/log4j-core-2.12.3.pom
Progress (1): 775 B
Progress (1): 1.6 kB
Progress (1): 4.5 kB
Progress (1): 7.8 kB
Progress (1): 11 kB 
Progress (1): 13 kB
Progress (1): 17 kB
Progress (1): 19 kB
Progress (1): 21 kB
Progress (1): 23 kB
                   
Downloaded from central: https://repo.maven.apache.org/maven2/org/apache/logging/log4j/log4j-core/2.12.3/log4j-core-2.12.3.pom (23 kB at 24 kB/s)
Downloading from central: https://repo.maven.apache.org/maven2/org/apache/logging/log4j/log4j/2.12.3/log4j-2.12.3.pom
Progress (1): 722 B
Progress (1): 1.6 kB
Progress (1): 4.0 kB
Progress (1): 6.4 kB
Progress (1): 7.3 kB
Progress (1): 9.2 kB
Progress (1): 11 kB 
Progress (1): 14 kB
Progress (1): 23 kB
Progress (1): 28 kB
Progress (1): 31 kB
Progress (1): 33 kB
Progress (1): 37 kB
Progress (1): 39 kB
Progress (1): 42 kB
Progress (1): 45 kB
Progress (1): 47 kB
Progress (1): 51 kB
Progress (1): 55 kB
Progress (1): 57 kB
Progress (1): 61 kB
Progress (1): 63 kB
                   
Downloaded from central: https://repo.maven.apache.org/maven2/org/apache/logging/log4j/log4j/2.12.3/log4j-2.12.3.pom (63 kB at 669 kB/s)
[INFO] 
[INFO] --- clean:3.5.0:clean (default-clean) @ secure-multimodule-springboot-java21 ---
[INFO] 
[INFO] --- enforcer:3.6.2:enforce (base-oss-dependency-guardrails) @ secure-multimodule-springboot-java21 ---
[INFO] Rule 0: org.apache.maven.enforcer.rules.version.RequireJavaVersion passed
[INFO] Rule 1: org.apache.maven.enforcer.rules.version.RequireMavenVersion passed
[INFO] Rule 2: org.apache.maven.enforcer.rules.dependency.DependencyConvergence passed
[INFO] Rule 3: org.apache.maven.enforcer.rules.BanDuplicatePomDependencyVersions passed
[INFO] ------------------------------------------------------------------------
[INFO] Reactor Summary for secure-multimodule-springboot-java21 1.0.0-SNAPSHOT:
[INFO] 
[INFO] secure-multimodule-springboot-java21 ............... FAILURE [  2.959 s]
[INFO] task-common ........................................ SKIPPED
[INFO] task-domain ........................................ SKIPPED
[INFO] task-service ....................................... SKIPPED
[INFO] task-web ........................................... SKIPPED
[INFO] ------------------------------------------------------------------------
[INFO] BUILD FAILURE
[INFO] ------------------------------------------------------------------------
[INFO] Total time:  3.988 s
[INFO] Finished at: 2026-07-05T18:54:05Z
[INFO] ------------------------------------------------------------------------
[ERROR] Failed to execute goal org.apache.maven.plugins:maven-enforcer-plugin:3.6.2:enforce (base-oss-dependency-guardrails) on project secure-multimodule-springboot-java21: 
[ERROR] Rule 4: org.apache.maven.enforcer.rules.dependency.BannedDependencies failed with message:
[ERROR] A banned or risky dependency was found. Upgrade, remove, or add a justified temporary exception.
[ERROR] com.example.secureapp:secure-multimodule-springboot-java21:pom:1.0.0-SNAPSHOT
[ERROR]    org.apache.logging.log4j:log4j-core:jar:2.12.3 <--- banned via the exclude/include list
[ERROR]    log4j:log4j:jar:1.2.17 <--- banned via the exclude/include list
[ERROR] 
[ERROR] -> [Help 1]
[ERROR] 
[ERROR] To see the full stack trace of the errors, re-run Maven with the -e switch.
[ERROR] Re-run Maven using the -X switch to enable full debug logging.
[ERROR] 
[ERROR] For more information about the errors and possible solutions, please read the following articles:
[ERROR] [Help 1] http://cwiki.apache.org/confluence/display/MAVEN/MojoExecutionException

