diff --git a/pom.xml b/pom.xml
index 91b8c15..65a9514 100644
--- a/pom.xml
+++ b/pom.xml
@@ -7,7 +7,7 @@
     <parent>
         <groupId>org.springframework.boot</groupId>
         <artifactId>spring-boot-starter-parent</artifactId>
-        <version>4.0.6</version>
+        <version>4.0.7</version>
         <relativePath/>
     </parent>
 
@@ -60,12 +60,12 @@
         <dependency>
             <groupId>org.apache.commons</groupId>
             <artifactId>commons-text</artifactId>
-            <version>1.9</version>
+            <version>1.10.0</version>
         </dependency>
         <dependency>
             <groupId>org.json</groupId>
             <artifactId>json</artifactId>
-            <version>20230227</version>
+            <version>20231013</version>
         </dependency>
     </dependencies>
     <build>
