Welcome to Cloud Shell! Type "help" to get started.
To set your Cloud Platform project in this session use `gcloud config set project [PROJECT_ID]`.
You can view your projects by running `gcloud projects list`.
[INFO] Scanning for projects...
[INFO] ------------------------------------------------------------------------
[INFO] Reactor Build Order:
[INFO] 
[INFO] secure-multimodule-springboot-java21                               [pom]
[INFO] task-common                                                        [jar]
[INFO] task-domain                                                        [jar]
[INFO] task-service                                                       [jar]
[INFO] task-web                                                           [jar]
[INFO] 
[INFO] -----< com.example.secureapp:secure-multimodule-springboot-java21 >-----
[INFO] Building secure-multimodule-springboot-java21 1.0.0-SNAPSHOT       [1/5]
[INFO]   from pom.xml
[INFO] --------------------------------[ pom ]---------------------------------
[INFO] 
[INFO] --- clean:3.5.0:clean (default-clean) @ secure-multimodule-springboot-java21 ---
[INFO] 
[INFO] --- enforcer:3.6.2:enforce (base-oss-dependency-guardrails) @ secure-multimodule-springboot-java21 ---
[INFO] Rule 0: org.apache.maven.enforcer.rules.version.RequireJavaVersion passed
[INFO] Rule 1: org.apache.maven.enforcer.rules.version.RequireMavenVersion passed
[INFO] Rule 2: org.apache.maven.enforcer.rules.dependency.DependencyConvergence passed
[INFO] Rule 3: org.apache.maven.enforcer.rules.BanDuplicatePomDependencyVersions passed
[INFO] Rule 4: org.apache.maven.enforcer.rules.dependency.BannedDependencies passed
[INFO] 
[INFO] --- spring-boot:4.0.6:repackage (repackage) @ secure-multimodule-springboot-java21 ---
[INFO] 
[INFO] -----------------< com.example.secureapp:task-common >------------------
[INFO] Building task-common 1.0.0-SNAPSHOT                                [2/5]
[INFO]   from task-common/pom.xml
[INFO] --------------------------------[ jar ]---------------------------------
[INFO] 
[INFO] --- clean:3.5.0:clean (default-clean) @ task-common ---
[INFO] 
[INFO] --- enforcer:3.6.2:enforce (base-oss-dependency-guardrails) @ task-common ---
[INFO] Rule 2: org.apache.maven.enforcer.rules.dependency.DependencyConvergence passed
[INFO] Rule 3: org.apache.maven.enforcer.rules.BanDuplicatePomDependencyVersions passed
[INFO] Rule 4: org.apache.maven.enforcer.rules.dependency.BannedDependencies passed
[INFO] 
[INFO] --- resources:3.3.1:resources (default-resources) @ task-common ---
[INFO] skip non existing resourceDirectory /home/kavya_parivarababu/oss-remediation-adk/autonomous-oss-remediation-workspaces/run-20260924T233516Z-d2ee00cc/repository/task-common/src/main/resources
[INFO] skip non existing resourceDirectory /home/kavya_parivarababu/oss-remediation-adk/autonomous-oss-remediation-workspaces/run-20260924T233516Z-d2ee00cc/repository/task-common/src/main/resources
[INFO] 
[INFO] --- compiler:3.14.1:compile (default-compile) @ task-common ---
[INFO] Recompiling the module because of changed source code.
[INFO] Compiling 2 source files with javac [debug parameters release 21] to target/classes
[INFO] 
[INFO] --- resources:3.3.1:testResources (default-testResources) @ task-common ---
[INFO] skip non existing resourceDirectory /home/kavya_parivarababu/oss-remediation-adk/autonomous-oss-remediation-workspaces/run-20260924T233516Z-d2ee00cc/repository/task-common/src/test/resources
[INFO] 
[INFO] --- compiler:3.14.1:testCompile (default-testCompile) @ task-common ---
[INFO] No sources to compile
[INFO] 
[INFO] --- surefire:3.5.5:test (default-test) @ task-common ---
[INFO] No tests to run.
[INFO] 
[INFO] --- jar:3.4.2:jar (default-jar) @ task-common ---
[INFO] Building jar: /home/kavya_parivarababu/oss-remediation-adk/autonomous-oss-remediation-workspaces/run-20260924T233516Z-d2ee00cc/repository/task-common/target/task-common-1.0.0-SNAPSHOT.jar
[INFO] 
[INFO] --- spring-boot:4.0.6:repackage (repackage) @ task-common ---
[INFO] 
[INFO] -----------------< com.example.secureapp:task-domain >------------------
[INFO] Building task-domain 1.0.0-SNAPSHOT                                [3/5]
[INFO]   from task-domain/pom.xml
[INFO] --------------------------------[ jar ]---------------------------------
[INFO] 
[INFO] --- clean:3.5.0:clean (default-clean) @ task-domain ---
[INFO] 
[INFO] --- enforcer:3.6.2:enforce (base-oss-dependency-guardrails) @ task-domain ---
[INFO] Rule 2: org.apache.maven.enforcer.rules.dependency.DependencyConvergence passed
[INFO] Rule 3: org.apache.maven.enforcer.rules.BanDuplicatePomDependencyVersions passed
[INFO] Rule 4: org.apache.maven.enforcer.rules.dependency.BannedDependencies passed
[INFO] 
[INFO] --- resources:3.3.1:resources (default-resources) @ task-domain ---
[INFO] skip non existing resourceDirectory /home/kavya_parivarababu/oss-remediation-adk/autonomous-oss-remediation-workspaces/run-20260924T233516Z-d2ee00cc/repository/task-domain/src/main/resources
[INFO] skip non existing resourceDirectory /home/kavya_parivarababu/oss-remediation-adk/autonomous-oss-remediation-workspaces/run-20260924T233516Z-d2ee00cc/repository/task-domain/src/main/resources
[INFO] 
[INFO] --- compiler:3.14.1:compile (default-compile) @ task-domain ---
[INFO] Recompiling the module because of changed source code.
[INFO] Compiling 2 source files with javac [debug parameters release 21] to target/classes
[INFO] 
[INFO] --- resources:3.3.1:testResources (default-testResources) @ task-domain ---
[INFO] skip non existing resourceDirectory /home/kavya_parivarababu/oss-remediation-adk/autonomous-oss-remediation-workspaces/run-20260924T233516Z-d2ee00cc/repository/task-domain/src/test/resources
[INFO] 
[INFO] --- compiler:3.14.1:testCompile (default-testCompile) @ task-domain ---
[INFO] No sources to compile
[INFO] 
[INFO] --- surefire:3.5.5:test (default-test) @ task-domain ---
[INFO] No tests to run.
[INFO] 
[INFO] --- jar:3.4.2:jar (default-jar) @ task-domain ---
[INFO] Building jar: /home/kavya_parivarababu/oss-remediation-adk/autonomous-oss-remediation-workspaces/run-20260924T233516Z-d2ee00cc/repository/task-domain/target/task-domain-1.0.0-SNAPSHOT.jar
[INFO] 
[INFO] --- spring-boot:4.0.6:repackage (repackage) @ task-domain ---
[INFO] 
[INFO] -----------------< com.example.secureapp:task-service >-----------------
[INFO] Building task-service 1.0.0-SNAPSHOT                               [4/5]
[INFO]   from task-service/pom.xml
[INFO] --------------------------------[ jar ]---------------------------------
[INFO] 
[INFO] --- clean:3.5.0:clean (default-clean) @ task-service ---
[INFO] 
[INFO] --- enforcer:3.6.2:enforce (base-oss-dependency-guardrails) @ task-service ---
[INFO] Rule 2: org.apache.maven.enforcer.rules.dependency.DependencyConvergence passed
[INFO] Rule 3: org.apache.maven.enforcer.rules.BanDuplicatePomDependencyVersions passed
[INFO] Rule 4: org.apache.maven.enforcer.rules.dependency.BannedDependencies passed
[INFO] 
[INFO] --- resources:3.3.1:resources (default-resources) @ task-service ---
[INFO] skip non existing resourceDirectory /home/kavya_parivarababu/oss-remediation-adk/autonomous-oss-remediation-workspaces/run-20260924T233516Z-d2ee00cc/repository/task-service/src/main/resources
[INFO] skip non existing resourceDirectory /home/kavya_parivarababu/oss-remediation-adk/autonomous-oss-remediation-workspaces/run-20260924T233516Z-d2ee00cc/repository/task-service/src/main/resources
[INFO] 
[INFO] --- compiler:3.14.1:compile (default-compile) @ task-service ---
[INFO] Recompiling the module because of changed dependency.
[INFO] Compiling 3 source files with javac [debug parameters release 21] to target/classes
[INFO] 
[INFO] --- resources:3.3.1:testResources (default-testResources) @ task-service ---
[INFO] skip non existing resourceDirectory /home/kavya_parivarababu/oss-remediation-adk/autonomous-oss-remediation-workspaces/run-20260924T233516Z-d2ee00cc/repository/task-service/src/test/resources
[INFO] 
[INFO] --- compiler:3.14.1:testCompile (default-testCompile) @ task-service ---
[INFO] Recompiling the module because of changed dependency.
[INFO] Compiling 1 source file with javac [debug parameters release 21] to target/test-classes
[INFO] 
[INFO] --- surefire:3.5.5:test (default-test) @ task-service ---
[INFO] Using auto detected provider org.apache.maven.surefire.junitplatform.JUnitPlatformProvider
[INFO] 
[INFO] -------------------------------------------------------
[INFO]  T E S T S
[INFO] -------------------------------------------------------
[INFO] Running com.example.secureapp.service.InMemoryTaskServiceTest
[INFO] Tests run: 3, Failures: 0, Errors: 0, Skipped: 0, Time elapsed: 0.488 s -- in com.example.secureapp.service.InMemoryTaskServiceTest
[INFO] 
[INFO] Results:
[INFO] 
[INFO] Tests run: 3, Failures: 0, Errors: 0, Skipped: 0
[INFO] 
[INFO] 
[INFO] --- jar:3.4.2:jar (default-jar) @ task-service ---
[INFO] Building jar: /home/kavya_parivarababu/oss-remediation-adk/autonomous-oss-remediation-workspaces/run-20260924T233516Z-d2ee00cc/repository/task-service/target/task-service-1.0.0-SNAPSHOT.jar
[INFO] 
[INFO] --- spring-boot:4.0.6:repackage (repackage) @ task-service ---
[INFO] 
[INFO] -------------------< com.example.secureapp:task-web >-------------------
[INFO] Building task-web 1.0.0-SNAPSHOT                                   [5/5]
[INFO]   from task-web/pom.xml
[INFO] --------------------------------[ jar ]---------------------------------
[INFO] 
[INFO] --- clean:3.5.0:clean (default-clean) @ task-web ---
[INFO] 
[INFO] --- enforcer:3.6.2:enforce (base-oss-dependency-guardrails) @ task-web ---
[INFO] Rule 2: org.apache.maven.enforcer.rules.dependency.DependencyConvergence passed
[INFO] Rule 3: org.apache.maven.enforcer.rules.BanDuplicatePomDependencyVersions passed
[INFO] Rule 4: org.apache.maven.enforcer.rules.dependency.BannedDependencies passed
[INFO] 
[INFO] --- resources:3.3.1:resources (default-resources) @ task-web ---
[INFO] Copying 1 resource from src/main/resources to target/classes
[INFO] Copying 0 resource from src/main/resources to target/classes
[INFO] 
[INFO] --- compiler:3.14.1:compile (default-compile) @ task-web ---
[INFO] Recompiling the module because of changed dependency.
[INFO] Compiling 10 source files with javac [debug parameters release 21] to target/classes
[INFO] 
[INFO] --- resources:3.3.1:testResources (default-testResources) @ task-web ---
[INFO] skip non existing resourceDirectory /home/kavya_parivarababu/oss-remediation-adk/autonomous-oss-remediation-workspaces/run-20260924T233516Z-d2ee00cc/repository/task-web/src/test/resources
[INFO] 
[INFO] --- compiler:3.14.1:testCompile (default-testCompile) @ task-web ---
[INFO] Recompiling the module because of changed dependency.
[INFO] Compiling 1 source file with javac [debug parameters release 21] to target/test-classes
[INFO] 
[INFO] --- surefire:3.5.5:test (default-test) @ task-web ---
[INFO] Using auto detected provider org.apache.maven.surefire.junitplatform.JUnitPlatformProvider
[INFO] 
[INFO] -------------------------------------------------------
[INFO]  T E S T S
[INFO] -------------------------------------------------------
[INFO] Running com.example.secureapp.web.TaskApplicationTest

  .   ____          _            __ _ _
 /\\ / ___'_ __ _ _(_)_ __  __ _ \ \ \ \
( ( )\___ | '_ | '_| | '_ \/ _` | \ \ \ \
 \\/  ___)| |_)| | | | | || (_| |  ) ) ) )
  '  |____| .__|_| |_|_| |_\__, | / / / /
 =========|_|==============|___/=/_/_/_/

 :: Spring Boot ::                (v4.0.6)

2026-09-24T23:35:56.496Z  WARN 2521 --- [secure-multimodule-springboot-java21] [           main] ory$DuplicateJsonObjectContextCustomizer : 

Found multiple occurrences of org.json.JSONObject on the class path:

	jar:file:/home/kavya_parivarababu/.m2/repository/com/vaadin/external/google/android-json/0.0.20131108.vaadin1/android-json-0.0.20131108.vaadin1.jar!/org/json/JSONObject.class
	jar:file:/home/kavya_parivarababu/.m2/repository/org/json/json/20230227/json-20230227.jar!/org/json/JSONObject.class

You may wish to exclude one of them to ensure predictable runtime behavior

2026-09-24T23:35:56.596Z  INFO 2521 --- [secure-multimodule-springboot-java21] [           main] c.e.secureapp.web.TaskApplicationTest    : Starting TaskApplicationTest using Java 21.0.12 with PID 2521 (started by kavya_parivarababu in /home/kavya_parivarababu/oss-remediation-adk/autonomous-oss-remediation-workspaces/run-20260924T233516Z-d2ee00cc/repository/task-web)
2026-09-24T23:35:56.602Z  INFO 2521 --- [secure-multimodule-springboot-java21] [           main] c.e.secureapp.web.TaskApplicationTest    : No active profile set, falling back to 1 default profile: "default"
2026-09-24T23:36:02.478Z  INFO 2521 --- [secure-multimodule-springboot-java21] [           main] o.s.b.a.e.web.EndpointLinksResolver      : Exposing 2 endpoints beneath base path '/actuator'
2026-09-24T23:36:02.680Z  INFO 2521 --- [secure-multimodule-springboot-java21] [           main] c.e.secureapp.web.TaskApplicationTest    : Started TaskApplicationTest in 7.678 seconds (process running for 11.92)
[INFO] Tests run: 1, Failures: 0, Errors: 0, Skipped: 0, Time elapsed: 12.31 s -- in com.example.secureapp.web.TaskApplicationTest
[INFO] 
[INFO] Results:
[INFO] 
[INFO] Tests run: 1, Failures: 0, Errors: 0, Skipped: 0
[INFO] 
[INFO] 
[INFO] --- jar:3.4.2:jar (default-jar) @ task-web ---
[INFO] Building jar: /home/kavya_parivarababu/oss-remediation-adk/autonomous-oss-remediation-workspaces/run-20260924T233516Z-d2ee00cc/repository/task-web/target/task-web-1.0.0-SNAPSHOT.jar
[INFO] 
[INFO] --- spring-boot:4.0.6:repackage (repackage) @ task-web ---
[INFO] Replacing main artifact /home/kavya_parivarababu/oss-remediation-adk/autonomous-oss-remediation-workspaces/run-20260924T233516Z-d2ee00cc/repository/task-web/target/task-web-1.0.0-SNAPSHOT.jar with repackaged archive, adding nested dependencies in BOOT-INF/.
[INFO] The original artifact has been renamed to /home/kavya_parivarababu/oss-remediation-adk/autonomous-oss-remediation-workspaces/run-20260924T233516Z-d2ee00cc/repository/task-web/target/task-web-1.0.0-SNAPSHOT.jar.original
[INFO] ------------------------------------------------------------------------
[INFO] Reactor Summary for secure-multimodule-springboot-java21 1.0.0-SNAPSHOT:
[INFO] 
[INFO] secure-multimodule-springboot-java21 ............... SUCCESS [  4.501 s]
[INFO] task-common ........................................ SUCCESS [  7.727 s]
[INFO] task-domain ........................................ SUCCESS [  0.890 s]
[INFO] task-service ....................................... SUCCESS [  7.584 s]
[INFO] task-web ........................................... SUCCESS [ 19.535 s]
[INFO] ------------------------------------------------------------------------
[INFO] BUILD SUCCESS
[INFO] ------------------------------------------------------------------------
[INFO] Total time:  42.318 s
[INFO] Finished at: 2026-09-24T23:36:07Z
[INFO] ------------------------------------------------------------------------
