diff --git a/pom.xml b/pom.xml
index 91b8c15..a007d07 100644
--- a/pom.xml
+++ b/pom.xml
@@ -35,6 +35,12 @@
         <maven.enforcer.version>3.6.2</maven.enforcer.version>
         <owasp.dependency-check.version>12.2.2</owasp.dependency-check.version>
         <cyclonedx.maven.plugin.version>2.9.1</cyclonedx.maven.plugin.version>
+
+        <!-- Vulnerability Fixes -->
+        <spring-framework.version>7.0.8</spring-framework.version>
+        <micrometer.version>1.16.6</micrometer.version>
+        <tomcat.version>11.0.25</tomcat.version>
+        <jackson.version>3.1.4</jackson.version>
     </properties>
 
     <dependencyManagement>
@@ -60,12 +66,12 @@
         <dependency>
             <groupId>org.apache.commons</groupId>
             <artifactId>commons-text</artifactId>
-            <version>1.9</version>
+            <version>1.10.0</version>
         </dependency>
         <dependency>
             <groupId>org.json</groupId>
             <artifactId>json</artifactId>
-            <version>20230227</version>
+            <version>20231013</version>
         </dependency>
     </dependencies>
     <build>
