[INFO] Scanning for projects...
[INFO] ------------------------------------------------------------------------
[INFO] Reactor Build Order:
[INFO] 
[INFO] secure-multimodule-springboot-java21                               [pom]
[INFO] task-common                                                        [jar]
[INFO] task-domain                                                        [jar]
[INFO] task-service                                                       [jar]
[INFO] task-web                                                           [jar]
[INFO] 
[INFO] -----< com.example.secureapp:secure-multimodule-springboot-java21 >-----
[INFO] Building secure-multimodule-springboot-java21 1.0.0-SNAPSHOT       [1/5]
[INFO]   from pom.xml
[INFO] --------------------------------[ pom ]---------------------------------
[INFO] 
[INFO] --- clean:3.5.0:clean (default-clean) @ secure-multimodule-springboot-java21 ---
[INFO] 
[INFO] --- enforcer:3.6.2:enforce (base-oss-dependency-guardrails) @ secure-multimodule-springboot-java21 ---
[INFO] Rule 0: org.apache.maven.enforcer.rules.version.RequireJavaVersion passed
[INFO] Rule 1: org.apache.maven.enforcer.rules.version.RequireMavenVersion passed
[INFO] Rule 2: org.apache.maven.enforcer.rules.dependency.DependencyConvergence passed
[INFO] Rule 3: org.apache.maven.enforcer.rules.BanDuplicatePomDependencyVersions passed
[INFO] ------------------------------------------------------------------------
[INFO] Reactor Summary for secure-multimodule-springboot-java21 1.0.0-SNAPSHOT:
[INFO] 
[INFO] secure-multimodule-springboot-java21 ............... FAILURE [  1.898 s]
[INFO] task-common ........................................ SKIPPED
[INFO] task-domain ........................................ SKIPPED
[INFO] task-service ....................................... SKIPPED
[INFO] task-web ........................................... SKIPPED
[INFO] ------------------------------------------------------------------------
[INFO] BUILD FAILURE
[INFO] ------------------------------------------------------------------------
[INFO] Total time:  3.222 s
[INFO] Finished at: 2026-07-05T15:53:01Z
[INFO] ------------------------------------------------------------------------
[ERROR] Failed to execute goal org.apache.maven.plugins:maven-enforcer-plugin:3.6.2:enforce (base-oss-dependency-guardrails) on project secure-multimodule-springboot-java21: 
[ERROR] Rule 4: org.apache.maven.enforcer.rules.dependency.BannedDependencies failed with message:
[ERROR] A banned or risky dependency was found. Upgrade, remove, or add a justified temporary exception.
[ERROR] com.example.secureapp:secure-multimodule-springboot-java21:pom:1.0.0-SNAPSHOT
[ERROR]    org.apache.logging.log4j:log4j-core:jar:2.17.0 <--- banned via the exclude/include list
[ERROR]    log4j:log4j:jar:1.2.17 <--- banned via the exclude/include list
[ERROR] 
[ERROR] -> [Help 1]
[ERROR] 
[ERROR] To see the full stack trace of the errors, re-run Maven with the -e switch.
[ERROR] Re-run Maven using the -X switch to enable full debug logging.
[ERROR] 
[ERROR] For more information about the errors and possible solutions, please read the following articles:
[ERROR] [Help 1] http://cwiki.apache.org/confluence/display/MAVEN/MojoExecutionException

