diff --git a/pom.xml b/pom.xml
index 91b8c15..8498a0d 100644
--- a/pom.xml
+++ b/pom.xml
@@ -34,8 +34,8 @@
 
         <maven.enforcer.version>3.6.2</maven.enforcer.version>
         <owasp.dependency-check.version>12.2.2</owasp.dependency-check.version>
-        <cyclonedx.maven.plugin.version>2.9.1</cyclonedx.maven.plugin.version>
-    </properties>
+                        <cyclonedx.maven.plugin.version>2.9.1</cyclonedx.maven.plugin.version>
+</properties>
 
     <dependencyManagement>
         <dependencies>
@@ -54,18 +54,48 @@
                 <artifactId>task-service</artifactId>
                 <version>${project.version}</version>
             </dependency>
+            <dependency>
+                <groupId>org.springframework</groupId>
+                <artifactId>spring-expression</artifactId>
+                <version>7.0.8</version>
+            </dependency>
+            <dependency>
+                <groupId>org.springframework</groupId>
+                <artifactId>spring-webmvc</artifactId>
+                <version>7.0.8</version>
+            </dependency>
+            <dependency>
+                <groupId>io.micrometer</groupId>
+                <artifactId>micrometer-core</artifactId>
+                <version>1.16.6</version>
+            </dependency>
+            <dependency>
+                <groupId>org.apache.tomcat.embed</groupId>
+                <artifactId>tomcat-embed-core</artifactId>
+                <version>11.0.25</version>
+            </dependency>
+            <dependency>
+                <groupId>tools.jackson.core</groupId>
+                <artifactId>jackson-core</artifactId>
+                <version>3.1.7</version>
+            </dependency>
+            <dependency>
+                <groupId>tools.jackson.core</groupId>
+                <artifactId>jackson-databind</artifactId>
+                <version>3.1.7</version>
+            </dependency>
         </dependencies>
     </dependencyManagement>
     <dependencies>
         <dependency>
             <groupId>org.apache.commons</groupId>
             <artifactId>commons-text</artifactId>
-            <version>1.9</version>
+            <version>1.10.0</version>
         </dependency>
         <dependency>
             <groupId>org.json</groupId>
             <artifactId>json</artifactId>
-            <version>20230227</version>
+            <version>20231013</version>
         </dependency>
     </dependencies>
     <build>
diff --git a/task-web/pom.xml b/task-web/pom.xml
index d4cd9a7..903b2d9 100644
--- a/task-web/pom.xml
+++ b/task-web/pom.xml
@@ -26,6 +26,7 @@
     <dependency>
       <groupId>org.springframework.boot</groupId>
       <artifactId>spring-boot-starter-webmvc</artifactId>
+
     </dependency>
     <dependency>
       <groupId>org.springframework.boot</groupId>
