diff --git a/pom.xml b/pom.xml
index 91b8c15..85e7e5e 100644
--- a/pom.xml
+++ b/pom.xml
@@ -7,7 +7,7 @@
     <parent>
         <groupId>org.springframework.boot</groupId>
         <artifactId>spring-boot-starter-parent</artifactId>
-        <version>4.0.6</version>
+        <version>3.2.5</version>
         <relativePath/>
     </parent>
 
@@ -34,7 +34,13 @@
 
         <maven.enforcer.version>3.6.2</maven.enforcer.version>
         <owasp.dependency-check.version>12.2.2</owasp.dependency-check.version>
-        <cyclonedx.maven.plugin.version>2.9.1</cyclonedx.maven.plugin.version>
+                        <cyclonedx.maven.plugin.version>2.9.1</cyclonedx.maven.plugin.version>
+        <spring-boot-starter-webmvc.version>3.2.5</spring-boot-starter-webmvc.version>
+        <spring-boot.version>3.2.5</spring-boot.version>
+        <spring-expression.version>7.0.8</spring-expression.version>
+        <spring-webmvc.version>7.0.8</spring-webmvc.version>
+        <jackson-core.version>3.1.7</jackson-core.version>
+        <jackson-databind.version>3.1.7</jackson-databind.version>
     </properties>
 
     <dependencyManagement>
@@ -60,12 +66,12 @@
         <dependency>
             <groupId>org.apache.commons</groupId>
             <artifactId>commons-text</artifactId>
-            <version>1.9</version>
+            <version>1.10.0</version>
         </dependency>
         <dependency>
             <groupId>org.json</groupId>
             <artifactId>json</artifactId>
-            <version>20230227</version>
+            <version>20231013</version>
         </dependency>
     </dependencies>
     <build>
diff --git a/task-web/pom.xml b/task-web/pom.xml
index d4cd9a7..06ca3de 100644
--- a/task-web/pom.xml
+++ b/task-web/pom.xml
@@ -26,6 +26,7 @@
     <dependency>
       <groupId>org.springframework.boot</groupId>
       <artifactId>spring-boot-starter-webmvc</artifactId>
+      <version>${spring-boot-starter-webmvc.version}</version>
     </dependency>
     <dependency>
       <groupId>org.springframework.boot</groupId>
