test_additional_subsection_is_accepted_and_prior_content_is_immutable (tests.unit.test_decision_journal.DecisionJournalTests.test_additional_subsection_is_accepted_and_prior_content_is_immutable) ... ok
test_attempted_no_change_completion_can_reach_independent_validation (tests.unit.test_decision_journal.DecisionJournalTests.test_attempted_no_change_completion_can_reach_independent_validation) ... ok
test_authoritative_attempt_and_repository_delta_are_independent (tests.unit.test_decision_journal.DecisionJournalTests.test_authoritative_attempt_and_repository_delta_are_independent) ... ok
test_bounded_context_retains_provenance_from_all_prior_cycles (tests.unit.test_decision_journal.DecisionJournalTests.test_bounded_context_retains_provenance_from_all_prior_cycles) ... ok
test_complete_intent_accepts_single_credible_diagnostic_direction (tests.unit.test_decision_journal.DecisionJournalTests.test_complete_intent_accepts_single_credible_diagnostic_direction) ... ok
test_content_field_is_rejected_with_exact_answer_key_repair (tests.unit.test_decision_journal.DecisionJournalTests.test_content_field_is_rejected_with_exact_answer_key_repair) ... ok
test_cycle_state_query_is_non_mutating_but_begun_cycle_is_authoritative (tests.unit.test_decision_journal.DecisionJournalTests.test_cycle_state_query_is_non_mutating_but_begun_cycle_is_authoritative) ... ok
test_cycle_two_requires_prior_cycle_reassessment_and_context_is_bounded (tests.unit.test_decision_journal.DecisionJournalTests.test_cycle_two_requires_prior_cycle_reassessment_and_context_is_bounded) ... ok
test_every_outcome_status_is_structurally_accepted (tests.unit.test_decision_journal.DecisionJournalTests.test_every_outcome_status_is_structurally_accepted) ... ok
test_experimental_work_cannot_support_authoritative_completion (tests.unit.test_decision_journal.DecisionJournalTests.test_experimental_work_cannot_support_authoritative_completion) ... ok
test_failed_capture_recovers_across_successfully_captured_intermediate_cycle (tests.unit.test_decision_journal.DecisionJournalTests.test_failed_capture_recovers_across_successfully_captured_intermediate_cycle) ... ok
test_failed_intent_records_unexecuted_and_unrequested_cycle_state (tests.unit.test_decision_journal.DecisionJournalTests.test_failed_intent_records_unexecuted_and_unrequested_cycle_state) ... ok
test_failed_outcome_preserves_intent_and_execution_state_without_answers (tests.unit.test_decision_journal.DecisionJournalTests.test_failed_outcome_preserves_intent_and_execution_state_without_answers) ... ok
test_final_resolution_preserves_new_outcome_without_promoting_it_to_fact (tests.unit.test_decision_journal.DecisionJournalTests.test_final_resolution_preserves_new_outcome_without_promoting_it_to_fact) ... ok
test_final_resolution_reconciles_failed_checks_beside_historical_model_claim (tests.unit.test_decision_journal.DecisionJournalTests.test_final_resolution_reconciles_failed_checks_beside_historical_model_claim) ... ok
test_future_intent_rejection_does_not_create_cycle (tests.unit.test_decision_journal.DecisionJournalTests.test_future_intent_rejection_does_not_create_cycle) ... ok
test_future_outcome_rejection_does_not_create_cycle (tests.unit.test_decision_journal.DecisionJournalTests.test_future_outcome_rejection_does_not_create_cycle) ... ok
test_intent_checkpoint_limit_rejects_even_a_later_valid_submission (tests.unit.test_decision_journal.DecisionJournalTests.test_intent_checkpoint_limit_rejects_even_a_later_valid_submission) ... ok
test_intent_structural_repair_feedback_allows_recovery_after_repeated_error (tests.unit.test_decision_journal.DecisionJournalTests.test_intent_structural_repair_feedback_allows_recovery_after_repeated_error) ... ok
test_late_intent_and_incomplete_outcome_are_separate_capture_states (tests.unit.test_decision_journal.DecisionJournalTests.test_late_intent_and_incomplete_outcome_are_separate_capture_states) ... ok
test_limited_markdown_subset_handles_fences_and_rejects_heading_injection (tests.unit.test_decision_journal.DecisionJournalTests.test_limited_markdown_subset_handles_fences_and_rejects_heading_injection) ... ok
test_local_section_repair_is_atomic_and_cannot_cross_cycles (tests.unit.test_decision_journal.DecisionJournalTests.test_local_section_repair_is_atomic_and_cannot_cross_cycles) ... ok
test_malformed_repair_cannot_accept_stale_draft_and_reports_exact_field (tests.unit.test_decision_journal.DecisionJournalTests.test_malformed_repair_cannot_accept_stale_draft_and_reports_exact_field) ... ok
test_missing_empty_duplicate_placeholder_oversized_and_malformed_are_rejected (tests.unit.test_decision_journal.DecisionJournalTests.test_missing_empty_duplicate_placeholder_oversized_and_malformed_are_rejected) ... ok
test_missing_section_is_indexed_and_section_only_repair_preserves_draft (tests.unit.test_decision_journal.DecisionJournalTests.test_missing_section_is_indexed_and_section_only_repair_preserves_draft) ... ok
test_observed_changes_reject_no_change_status_with_bounded_evidence_repair (tests.unit.test_decision_journal.DecisionJournalTests.test_observed_changes_reject_no_change_status_with_bounded_evidence_repair) ... ok
test_outcome_chronology_distinguishes_experiment_from_authoritative_work (tests.unit.test_decision_journal.DecisionJournalTests.test_outcome_chronology_distinguishes_experiment_from_authoritative_work) ... ok
test_outcome_chronology_uses_observed_events_only (tests.unit.test_decision_journal.DecisionJournalTests.test_outcome_chronology_uses_observed_events_only) ... ok
test_preliminary_baseline_and_task_records_preserve_underlying_data (tests.unit.test_decision_journal.DecisionJournalTests.test_preliminary_baseline_and_task_records_preserve_underlying_data) ... ok
test_run_capture_uses_least_trustworthy_cycle (tests.unit.test_decision_journal.DecisionJournalTests.test_run_capture_uses_least_trustworthy_cycle) ... ok
test_stale_outcome_prose_does_not_overwrite_observed_final_facts (tests.unit.test_decision_journal.DecisionJournalTests.test_stale_outcome_prose_does_not_overwrite_observed_final_facts) ... ok
test_structured_fields_without_answer_require_text_not_content (tests.unit.test_decision_journal.DecisionJournalTests.test_structured_fields_without_answer_require_text_not_content) ... ok
test_three_outcome_answers_represent_material_execution_history (tests.unit.test_decision_journal.DecisionJournalTests.test_three_outcome_answers_represent_material_execution_history) ... ok
test_unknown_authoritative_state_cannot_support_completion (tests.unit.test_decision_journal.DecisionJournalTests.test_unknown_authoritative_state_cannot_support_completion) ... ok
test_acceptance_stops_without_extra_turn (tests.unit.test_evidence_boundary_acceptance.EvidenceBoundaryAcceptanceTests.test_acceptance_stops_without_extra_turn) ... ok
test_accepted_record_replay_skips_malformed_items_before_local_repair (tests.unit.test_evidence_boundary_acceptance.EvidenceBoundaryAcceptanceTests.test_accepted_record_replay_skips_malformed_items_before_local_repair) ... ok
test_ambiguous_prose_and_unrelated_citation_require_review (tests.unit.test_evidence_boundary_acceptance.EvidenceBoundaryAcceptanceTests.test_ambiguous_prose_and_unrelated_citation_require_review) ... ok
test_batch_selection_and_missing_provenance_do_not_pass (tests.unit.test_evidence_boundary_acceptance.EvidenceBoundaryAcceptanceTests.test_batch_selection_and_missing_provenance_do_not_pass) ... ok
test_default_offline_temp_and_failure_report_location (tests.unit.test_evidence_boundary_acceptance.EvidenceBoundaryAcceptanceTests.test_default_offline_temp_and_failure_report_location) ... ok
test_distinct_raw_labels_merge_using_stripped_section_keys (tests.unit.test_evidence_boundary_acceptance.EvidenceBoundaryAcceptanceTests.test_distinct_raw_labels_merge_using_stripped_section_keys) ... ok
test_duplicate_gate_matches_production_for_raw_and_invalid_labels (tests.unit.test_evidence_boundary_acceptance.EvidenceBoundaryAcceptanceTests.test_duplicate_gate_matches_production_for_raw_and_invalid_labels) ... ok
test_empty_section_duplicates_retain_valid_sections_and_verify_accepted_score (tests.unit.test_evidence_boundary_acceptance.EvidenceBoundaryAcceptanceTests.test_empty_section_duplicates_retain_valid_sections_and_verify_accepted_score) ... ok
test_explicit_folder_retains_both_scenarios_and_independent_trials (tests.unit.test_evidence_boundary_acceptance.EvidenceBoundaryAcceptanceTests.test_explicit_folder_retains_both_scenarios_and_independent_trials) ... ok
test_genuine_duplicates_cannot_update_replay_draft (tests.unit.test_evidence_boundary_acceptance.EvidenceBoundaryAcceptanceTests.test_genuine_duplicates_cannot_update_replay_draft) ... ok
test_later_unaccepted_call_cannot_change_accepted_score (tests.unit.test_evidence_boundary_acceptance.EvidenceBoundaryAcceptanceTests.test_later_unaccepted_call_cannot_change_accepted_score) ... ok
test_missing_invalid_and_malformed_repairs_preserve_valid_draft (tests.unit.test_evidence_boundary_acceptance.EvidenceBoundaryAcceptanceTests.test_missing_invalid_and_malformed_repairs_preserve_valid_draft) ... ok
test_observed_accepted_wording_and_selected_candidate_citation (tests.unit.test_evidence_boundary_acceptance.EvidenceBoundaryAcceptanceTests.test_observed_accepted_wording_and_selected_candidate_citation) ... ok
test_offline_capabilities_retention_and_partial_edit (tests.unit.test_evidence_boundary_acceptance.EvidenceBoundaryAcceptanceTests.test_offline_capabilities_retention_and_partial_edit) ... ok
test_production_no_submission_feedback_preserves_unknown_call_state (tests.unit.test_evidence_boundary_acceptance.EvidenceBoundaryAcceptanceTests.test_production_no_submission_feedback_preserves_unknown_call_state) ... /home/kavya_parivarababu/.local/lib/python3.12/site-packages/google/adk/tools/function_tool.py:95: UserWarning: [EXPERIMENTAL] feature FeatureName.JSON_SCHEMA_FOR_FUNC_DECL is enabled.
  build_function_declaration(
ok
test_rejection_retries_and_exhaustion_stops (tests.unit.test_evidence_boundary_acceptance.EvidenceBoundaryAcceptanceTests.test_rejection_retries_and_exhaustion_stops) ... ok
test_replay_ignores_other_cycles_and_rejects_byte_or_hash_mismatch (tests.unit.test_evidence_boundary_acceptance.EvidenceBoundaryAcceptanceTests.test_replay_ignores_other_cycles_and_rejects_byte_or_hash_mismatch) ... ok
test_retrieval_then_empty_turn_continues_same_session_to_accepted_intent (tests.unit.test_evidence_boundary_acceptance.EvidenceBoundaryAcceptanceTests.test_retrieval_then_empty_turn_continues_same_session_to_accepted_intent) ... ok
test_section_only_repair_scores_accepted_merged_intent_and_retained_call (tests.unit.test_evidence_boundary_acceptance.EvidenceBoundaryAcceptanceTests.test_section_only_repair_scores_accepted_merged_intent_and_retained_call) ... ok
test_terminal_checkpoint_exhaustion_is_not_shared_tool_or_infrastructure_failure (tests.unit.test_evidence_boundary_acceptance.EvidenceBoundaryAcceptanceTests.test_terminal_checkpoint_exhaustion_is_not_shared_tool_or_infrastructure_failure) ... ok

----------------------------------------------------------------------
Ran 54 tests in 35.537s

OK
