diff --git a/pom.xml b/pom.xml
index 91b8c15..6ce21cd 100644
--- a/pom.xml
+++ b/pom.xml
@@ -7,7 +7,7 @@
     <parent>
         <groupId>org.springframework.boot</groupId>
         <artifactId>spring-boot-starter-parent</artifactId>
-        <version>4.0.6</version>
+        <version>3.2.5</version>
         <relativePath/>
     </parent>
 
@@ -35,10 +35,19 @@
         <maven.enforcer.version>3.6.2</maven.enforcer.version>
         <owasp.dependency-check.version>12.2.2</owasp.dependency-check.version>
         <cyclonedx.maven.plugin.version>2.9.1</cyclonedx.maven.plugin.version>
+        <spring-boot.version>3.2.5</spring-boot.version>
     </properties>
 
     <dependencyManagement>
         <dependencies>
+            <!-- Import Spring Boot dependencies BOM FIRST -->
+            <dependency>
+                <groupId>org.springframework.boot</groupId>
+                <artifactId>spring-boot-dependencies</artifactId>
+                <version>${spring-boot.version}</version>
+                <type>pom</type>
+                <scope>import</scope>
+            </dependency>
             <dependency>
                 <groupId>${project.groupId}</groupId>
                 <artifactId>task-common</artifactId>
@@ -60,12 +69,12 @@
         <dependency>
             <groupId>org.apache.commons</groupId>
             <artifactId>commons-text</artifactId>
-            <version>1.9</version>
+            <version>1.10.0</version>
         </dependency>
         <dependency>
             <groupId>org.json</groupId>
             <artifactId>json</artifactId>
-            <version>20230227</version>
+            <version>20231013</version>
         </dependency>
     </dependencies>
     <build>
diff --git a/task-web/pom.xml b/task-web/pom.xml
index d4cd9a7..11d7957 100644
--- a/task-web/pom.xml
+++ b/task-web/pom.xml
@@ -26,10 +26,12 @@
     <dependency>
       <groupId>org.springframework.boot</groupId>
       <artifactId>spring-boot-starter-webmvc</artifactId>
+      <version>3.2.5</version>
     </dependency>
     <dependency>
       <groupId>org.springframework.boot</groupId>
       <artifactId>spring-boot-starter-validation</artifactId>
+      <version>3.2.5</version>
     </dependency>
     <dependency>
       <groupId>org.springframework.boot</groupId>
