diff --git a/pom.xml b/pom.xml
index 91b8c15..98d3374 100644
--- a/pom.xml
+++ b/pom.xml
@@ -7,7 +7,7 @@
     <parent>
         <groupId>org.springframework.boot</groupId>
         <artifactId>spring-boot-starter-parent</artifactId>
-        <version>4.0.6</version>
+        <version>4.0.8</version>
         <relativePath/>
     </parent>
 
@@ -54,18 +54,23 @@
                 <artifactId>task-service</artifactId>
                 <version>${project.version}</version>
             </dependency>
+            <dependency>
+                <groupId>org.apache.tomcat.embed</groupId>
+                <artifactId>tomcat-embed-core</artifactId>
+                <version>11.0.25</version>
+            </dependency>
         </dependencies>
     </dependencyManagement>
     <dependencies>
         <dependency>
             <groupId>org.apache.commons</groupId>
             <artifactId>commons-text</artifactId>
-            <version>1.9</version>
+            <version>1.10.0</version>
         </dependency>
         <dependency>
             <groupId>org.json</groupId>
             <artifactId>json</artifactId>
-            <version>20230227</version>
+            <version>20231013</version>
         </dependency>
     </dependencies>
     <build>
diff --git a/task-web/pom.xml b/task-web/pom.xml
index d4cd9a7..fb48fe9 100644
--- a/task-web/pom.xml
+++ b/task-web/pom.xml
@@ -39,6 +39,12 @@
       <groupId>org.springframework.boot</groupId>
       <artifactId>spring-boot-starter-test</artifactId>
       <scope>test</scope>
+      <exclusions>
+        <exclusion>
+          <groupId>com.vaadin.external.google</groupId>
+          <artifactId>android-json</artifactId>
+        </exclusion>
+      </exclusions>
     </dependency>
   </dependencies>
   <build>
